      1        0.0000000000
      2        0.0000000000
      3        0.0000000000
      4        0.0000000000
      5        0.0000000000
      6        4.5000000000
      7        4.5000000000
      8        4.5000000000
      9        4.5000000000
     10        4.5000000000
     11        4.5000000000
     12       13.5000000000
     13       13.5000000000
     14       13.5000000000
     15       13.5000000000
     16       27.0000000000
