      4      4     4.50000     0.00000
      6      6     4.50000     0.00000
      7      7     4.50000     0.00000
      8      8    13.50000     0.00000
     10     10     4.50000     0.00000
     11     11     4.50000     0.00000
     12     12    13.50000     0.00000
     13     13     4.50000     0.00000
     14     14    13.50000     0.00000
     15     15    13.50000     0.00000
     16     16    27.00000     0.00000
