    1      2      2      1     4.50000     0.00000
    1      3      3      1     4.50000     0.00000
    1      4      4      1     4.50000     0.00000
    2      1      1      2     4.50000     0.00000
    2      3      3      2     4.50000     0.00000
    2      4      4      2     4.50000     0.00000
    3      1      1      3     4.50000     0.00000
    3      2      2      3     4.50000     0.00000
    3      4      4      3     4.50000     0.00000
    4      1      1      4     4.50000     0.00000
    4      2      2      4     4.50000     0.00000
    4      3      3      4     4.50000     0.00000
