      2      2     0.10000     0.00000
      3      3     0.10000     0.00000
      4      4     1.20000     0.00000
      4     13     0.10000     0.00000
      5      5    -0.10000     0.00000
      6      6     0.70000     0.00000
      7      7     0.80000     0.00000
      7     10    -0.10000     0.00000
      8      8     2.60000     0.00000
      9      9    -0.10000     0.00000
     10      7    -0.10000     0.00000
     10     10     0.80000     0.00000
     11     11     0.70000     0.00000
     12     12     2.60000     0.00000
     13      4     0.10000     0.00000
     13     13     0.80000     0.00000
     14     14     2.40000     0.00000
     15     15     2.40000     0.00000
     16     16     5.00000     0.00000
