[2, 0, 0, 3, 3, 5, 6, 6, 6, 6, 10, 11, 11, 13, 13, 15]
9
[1 2 2 1 4 1 2 2 1]
[[0], [1, 2], [3, 4], [5], [6, 7, 8, 9], [10], [11, 12], [13, 14], [15]]
[2, 0, 3, 5, 6, 10, 11, 13, 15]
