      1       -0.1000000000
      2       -0.1000000000
      3        0.0000000000
      4        0.1000000000
      5        0.1000000000
      6        0.7000000000
      7        0.7000000000
      8        0.7000000000
      9        0.7763932023
     10        0.9000000000
     11        1.2236067978
     12        2.4000000000
     13        2.4000000000
     14        2.6000000000
     15        2.6000000000
     16        5.0000000000
