 0    0      0  0  0  0
 4    1      0  0  0  1
 3    2      0  0  1  0
10    3      0  0  1  1
 2    4      0  1  0  0
 9    5      0  1  0  1
 7    6      0  1  1  0
14    7      0  1  1  1
 1    8      1  0  0  0
 8    9      1  0  0  1
 6   10      1  0  1  0
13   11      1  0  1  1
 5   12      1  1  0  0
12   13      1  1  0  1
11   14      1  1  1  0
15   15      1  1  1  1
