
 Pygwl begin @  2015-09-18 17:11:53

 Killed by KeyboardInterrupt...exiting 
