[0, 1, 1, 1, 1, 5, 5, 5, 5, 5, 5, 11, 11, 11, 11, 15]
5
[1 4 6 4 1]
[[0], [1, 2, 3, 4], [5, 6, 7, 8, 9, 10], [11, 12, 13, 14], [15]]
[0, 1, 5, 11, 15]
