      1        0.0000000000
      2        0.0000000000
      3        0.0000000000
      4        0.0000000000
      5        0.0000000000
      6        1.0000000000
      7        1.0000000000
      8        1.0000000000
      9        1.0000000000
     10        1.0000000000
     11        1.0000000000
     12        3.0000000000
     13        3.0000000000
     14        3.0000000000
     15        3.0000000000
     16        6.0000000000
