      4      4     1.00000     0.00000
      6      6     1.00000     0.00000
      7      7     1.00000     0.00000
      8      8     3.00000     0.00000
     10     10     1.00000     0.00000
     11     11     1.00000     0.00000
     12     12     3.00000     0.00000
     13     13     1.00000     0.00000
     14     14     3.00000     0.00000
     15     15     3.00000     0.00000
     16     16     6.00000     0.00000
