13
[0, 1, 1, 1, 1, 1, 1, 7, 7, 7, 7, 7, 7, 7, 7, 7, 16, 16, 16, 16, 16, 21, 22, 22, 22, 22, 26, 26, 26, 26, 26, 26, 26, 26, 26, 26, 36, 36, 36, 36, 36, 36, 42, 42, 42, 42, 42, 42, 42, 42, 42, 51, 51, 51, 51, 51, 56, 57, 57, 57, 57, 57, 57, 63]
[[0], [1, 2, 3, 4, 5, 6], [7, 8, 9, 10, 11, 12, 13, 14, 15], [16, 17, 18, 19, 20], [21], [22, 23, 24, 25], [26, 27, 28, 29, 30, 31, 32, 33, 34, 35], [36, 37, 38, 39, 40, 41], [42, 43, 44, 45, 46, 47, 48, 49, 50], [51, 52, 53, 54, 55], [56], [57, 58, 59, 60, 61, 62], [63]]
[0, 1, 7, 16, 21, 22, 26, 36, 42, 51, 56, 57, 63]
